<?xml version="1.0" encoding="UTF-8"?>
<testsuites name="jest tests" tests="7" failures="0" time="18.698">
  <testsuite name="button tests" errors="0" failures="0" skipped="0" timestamp="2019-11-23T12:27:19" time="7.338" tests="1">
    <testcase classname="button tests 是个div" name="button tests 是个div" time="0.066">
    </testcase>
  </testsuite>
  <testsuite name="classnames function tests" errors="0" failures="0" skipped="0" timestamp="2019-11-23T12:27:20" time="9.491" tests="4">
    <testcase classname="classnames function tests 接受一个className" name="classnames function tests 接受一个className" time="0.013">
    </testcase>
    <testcase classname="classnames function tests 接受两个className" name="classnames function tests 接受两个className" time="0.001">
    </testcase>
    <testcase classname="classnames function tests 参数undefined 情况" name="classnames function tests 参数undefined 情况" time="0">
    </testcase>
    <testcase classname="classnames function tests 无参数" name="classnames function tests 无参数" time="0.001">
    </testcase>
  </testsuite>
  <testsuite name="icon tests" errors="0" failures="0" skipped="0" timestamp="2019-11-23T12:27:20" time="9.607" tests="2">
    <testcase classname="icon tests icon test" name="icon tests icon test" time="0.023">
    </testcase>
    <testcase classname="icon tests onClick" name="icon tests onClick" time="0.075">
    </testcase>
  </testsuite>
</testsuites>